// Jest Snapshot v1, https://goo.gl/fbAQLP

exports[`Testing InputApp component snapshot test 1`] = `
<div>
  <h1>
    Add Name :
  </h1>
  <input
    onChange={[Function]}
    value=""
  />
</div>
`;
